2025-10-15 15:31:19,326 - Knowledge - INFO - Redis support added with prefix knowledge:b2193ag:
2025-10-15 15:31:19,591 - Knowledge - INFO - load persisted knowledge: begin
2025-10-15 15:31:19,706 - Knowledge - INFO - load persisted knowledge: end
2025-10-15 15:31:19,784 - Knowledge - INFO - load persisted docinfo: begin
2025-10-15 15:31:19,871 - Knowledge - INFO - load persisted docinfo: end
2025-10-15 15:31:19,993 - Knowledge - INFO - worker kw1 created with dedicated MongoDB connection (total: 1)
2025-10-15 15:31:20,077 - Knowledge - INFO - knowledge worker kw1 start
2025-10-15 15:31:20,182 - Knowledge - INFO - worker kw1 pull /app/data/T0031/19886/b2193ag/Uppaveli-Hotel-App-19886/README.md from ingest queue
2025-10-15 15:31:20,314 - Knowledge - INFO - process ingested knowledge for /app/data/T0031/19886/b2193ag/Uppaveli-Hotel-App-19886/README.md
2025-10-15 15:31:20,402 - Knowledge - INFO - Found code-base-name: https://github.com/kavia-common/Uppaveli-Hotel-App-19886.git:kavia-main
2025-10-15 15:31:20,494 - Knowledge - INFO - Found code_base: <app.utils.kg_build.knowledge.KnowledgeCodeBase object at 0x7fec54cf7150>
2025-10-15 15:31:20,606 - Knowledge - INFO - persist ingested knowledge for /app/data/T0031/19886/b2193ag/Uppaveli-Hotel-App-19886/README.md
2025-10-15 15:31:20,775 - Knowledge - INFO - adding /app/data/T0031/19886/b2193ag/Uppaveli-Hotel-App-19886/README.md to ingest queue
2025-10-15 15:31:20,888 - Knowledge - INFO - worker kw1 pull /app/data/T0031/19886/b2193ag/Uppaveli-Hotel-App-19886/README.md from ingest queue
2025-10-15 15:31:20,998 - Knowledge - INFO - Thread kw1 - File README.md - Remaining files in queue: 0
2025-10-15 15:31:21,087 - Knowledge - INFO - start ingest for /app/data/T0031/19886/b2193ag/Uppaveli-Hotel-App-19886/README.md
2025-10-15 15:31:21,189 - Knowledge - INFO - Fast-track processing for simple file: /app/data/T0031/19886/b2193ag/Uppaveli-Hotel-App-19886/README.md
2025-10-15 15:31:21,277 - Knowledge - INFO - done fast ingest for /app/data/T0031/19886/b2193ag/Uppaveli-Hotel-App-19886/README.md
2025-10-15 15:31:21,397 - Knowledge - INFO - process ingested knowledge for /app/data/T0031/19886/b2193ag/Uppaveli-Hotel-App-19886/README.md
2025-10-15 15:31:21,473 - Knowledge - INFO - Found code-base-name: https://github.com/kavia-common/Uppaveli-Hotel-App-19886.git:kavia-main
2025-10-15 15:31:21,562 - Knowledge - INFO - Found code_base: <app.utils.kg_build.knowledge.KnowledgeCodeBase object at 0x7fec54cf7150>
2025-10-15 15:31:21,653 - Knowledge - INFO - persist ingested knowledge for /app/data/T0031/19886/b2193ag/Uppaveli-Hotel-App-19886/README.md
2025-10-15 15:31:21,822 - Knowledge - INFO - Knowledge creation complete
2025-10-15 15:31:21,947 - Knowledge - INFO - Updating org costs, total cost: 0
2025-10-15 15:31:22,348 - Knowledge - INFO - Saving knowledge to Redis...
2025-10-15 15:31:22,434 - Knowledge - INFO - Knowledge saved to Redis successfully
